Archive member included to satisfy reference by file (symbol)

C:/ST/STM32CubeIDE_1.13.2/STM32CubeIDE/plugins/com.st.stm32cube.ide.mcu.externaltools.gnu-tools-for-stm32.11.3.rel1.win32_1.1.1.202309131626/tools/bin/../lib/gcc/arm-none-eabi/11.3.1/../../../../arm-none-eabi/lib/thumb/v7-m/nofp\libc_nano.a(libc_a-exit.o)
                              C:/ST/STM32CubeIDE_1.13.2/STM32CubeIDE/plugins/com.st.stm32cube.ide.mcu.externaltools.gnu-tools-for-stm32.11.3.rel1.win32_1.1.1.202309131626/tools/bin/../lib/gcc/arm-none-eabi/11.3.1/../../../../arm-none-eabi/lib/thumb/v7-m/nofp/crt0.o (exit)
C:/ST/STM32CubeIDE_1.13.2/STM32CubeIDE/plugins/com.st.stm32cube.ide.mcu.externaltools.gnu-tools-for-stm32.11.3.rel1.win32_1.1.1.202309131626/tools/bin/../lib/gcc/arm-none-eabi/11.3.1/../../../../arm-none-eabi/lib/thumb/v7-m/nofp\libc_nano.a(libc_a-findfp.o)
                              C:/ST/STM32CubeIDE_1.13.2/STM32CubeIDE/plugins/com.st.stm32cube.ide.mcu.externaltools.gnu-tools-for-stm32.11.3.rel1.win32_1.1.1.202309131626/tools/bin/../lib/gcc/arm-none-eabi/11.3.1/../../../../arm-none-eabi/lib/thumb/v7-m/nofp\libc_nano.a(libc_a-exit.o) (__stdio_exit_handler)
C:/ST/STM32CubeIDE_1.13.2/STM32CubeIDE/plugins/com.st.stm32cube.ide.mcu.externaltools.gnu-tools-for-stm32.11.3.rel1.win32_1.1.1.202309131626/tools/bin/../lib/gcc/arm-none-eabi/11.3.1/../../../../arm-none-eabi/lib/thumb/v7-m/nofp\libc_nano.a(libc_a-fwalk.o)
                              C:/ST/STM32CubeIDE_1.13.2/STM32CubeIDE/plugins/com.st.stm32cube.ide.mcu.externaltools.gnu-tools-for-stm32.11.3.rel1.win32_1.1.1.202309131626/tools/bin/../lib/gcc/arm-none-eabi/11.3.1/../../../../arm-none-eabi/lib/thumb/v7-m/nofp\libc_nano.a(libc_a-findfp.o) (_fwalk_sglue)
C:/ST/STM32CubeIDE_1.13.2/STM32CubeIDE/plugins/com.st.stm32cube.ide.mcu.externaltools.gnu-tools-for-stm32.11.3.rel1.win32_1.1.1.202309131626/tools/bin/../lib/gcc/arm-none-eabi/11.3.1/../../../../arm-none-eabi/lib/thumb/v7-m/nofp\libc_nano.a(libc_a-stdio.o)
                              C:/ST/STM32CubeIDE_1.13.2/STM32CubeIDE/plugins/com.st.stm32cube.ide.mcu.externaltools.gnu-tools-for-stm32.11.3.rel1.win32_1.1.1.202309131626/tools/bin/../lib/gcc/arm-none-eabi/11.3.1/../../../../arm-none-eabi/lib/thumb/v7-m/nofp\libc_nano.a(libc_a-findfp.o) (__sread)
C:/ST/STM32CubeIDE_1.13.2/STM32CubeIDE/plugins/com.st.stm32cube.ide.mcu.externaltools.gnu-tools-for-stm32.11.3.rel1.win32_1.1.1.202309131626/tools/bin/../lib/gcc/arm-none-eabi/11.3.1/../../../../arm-none-eabi/lib/thumb/v7-m/nofp\libc_nano.a(libc_a-memset.o)
                              C:/ST/STM32CubeIDE_1.13.2/STM32CubeIDE/plugins/com.st.stm32cube.ide.mcu.externaltools.gnu-tools-for-stm32.11.3.rel1.win32_1.1.1.202309131626/tools/bin/../lib/gcc/arm-none-eabi/11.3.1/../../../../arm-none-eabi/lib/thumb/v7-m/nofp/crt0.o (memset)
C:/ST/STM32CubeIDE_1.13.2/STM32CubeIDE/plugins/com.st.stm32cube.ide.mcu.externaltools.gnu-tools-for-stm32.11.3.rel1.win32_1.1.1.202309131626/tools/bin/../lib/gcc/arm-none-eabi/11.3.1/../../../../arm-none-eabi/lib/thumb/v7-m/nofp\libc_nano.a(libc_a-closer.o)
                              C:/ST/STM32CubeIDE_1.13.2/STM32CubeIDE/plugins/com.st.stm32cube.ide.mcu.externaltools.gnu-tools-for-stm32.11.3.rel1.win32_1.1.1.202309131626/tools/bin/../lib/gcc/arm-none-eabi/11.3.1/../../../../arm-none-eabi/lib/thumb/v7-m/nofp\libc_nano.a(libc_a-stdio.o) (_close_r)
C:/ST/STM32CubeIDE_1.13.2/STM32CubeIDE/plugins/com.st.stm32cube.ide.mcu.externaltools.gnu-tools-for-stm32.11.3.rel1.win32_1.1.1.202309131626/tools/bin/../lib/gcc/arm-none-eabi/11.3.1/../../../../arm-none-eabi/lib/thumb/v7-m/nofp\libc_nano.a(libc_a-reent.o)
                              C:/ST/STM32CubeIDE_1.13.2/STM32CubeIDE/plugins/com.st.stm32cube.ide.mcu.externaltools.gnu-tools-for-stm32.11.3.rel1.win32_1.1.1.202309131626/tools/bin/../lib/gcc/arm-none-eabi/11.3.1/../../../../arm-none-eabi/lib/thumb/v7-m/nofp\libc_nano.a(libc_a-closer.o) (errno)
C:/ST/STM32CubeIDE_1.13.2/STM32CubeIDE/plugins/com.st.stm32cube.ide.mcu.externaltools.gnu-tools-for-stm32.11.3.rel1.win32_1.1.1.202309131626/tools/bin/../lib/gcc/arm-none-eabi/11.3.1/../../../../arm-none-eabi/lib/thumb/v7-m/nofp\libc_nano.a(libc_a-impure.o)
                              C:/ST/STM32CubeIDE_1.13.2/STM32CubeIDE/plugins/com.st.stm32cube.ide.mcu.externaltools.gnu-tools-for-stm32.11.3.rel1.win32_1.1.1.202309131626/tools/bin/../lib/gcc/arm-none-eabi/11.3.1/../../../../arm-none-eabi/lib/thumb/v7-m/nofp\libc_nano.a(libc_a-reent.o) (_impure_ptr)
C:/ST/STM32CubeIDE_1.13.2/STM32CubeIDE/plugins/com.st.stm32cube.ide.mcu.externaltools.gnu-tools-for-stm32.11.3.rel1.win32_1.1.1.202309131626/tools/bin/../lib/gcc/arm-none-eabi/11.3.1/../../../../arm-none-eabi/lib/thumb/v7-m/nofp\libc_nano.a(libc_a-lseekr.o)
[...]
Memory Configuration

Name             Origin             Length             Attributes
RAM              0x0000000020000000 0x0000000000005000 xrw
FLASH            0x0000000008000000 0x0000000000010000 xr
*default*        0x0000000000000000 0xffffffffffffffff

Linker script and memory map

LOAD C:/ST/STM32CubeIDE_1.13.2/STM32CubeIDE/plugins/com.st.stm32cube.ide.mcu.externaltools.gnu-tools-for-stm32.11.3.rel1.win32_1.1.1.202309131626/tools/bin/../lib/gcc/arm-none-eabi/11.3.1/thumb/v7-m/nofp/crti.o
LOAD C:/ST/STM32CubeIDE_1.13.2/STM32CubeIDE/plugins/com.st.stm32cube.ide.mcu.externaltools.gnu-tools-for-stm32.11.3.rel1.win32_1.1.1.202309131626/tools/bin/../lib/gcc/arm-none-eabi/11.3.1/thumb/v7-m/nofp/crtbegin.o
LOAD C:/ST/STM32CubeIDE_1.13.2/STM32CubeIDE/plugins/com.st.stm32cube.ide.mcu.externaltools.gnu-tools-for-stm32.11.3.rel1.win32_1.1.1.202309131626/tools/bin/../lib/gcc/arm-none-eabi/11.3.1/../../../../arm-none-eabi/lib/thumb/v7-m/nofp/crt0.o
LOAD ./Src/EXTI_programm.o
LOAD ./Src/GPIO_program.o
LOAD ./Src/NVIC_programm.o
LOAD ./Src/RCC_program.o
LOAD ./Src/SPI_prog.o
LOAD ./Src/STk_program.o
LOAD ./Src/Snake_Game.o
LOAD ./Src/TFT_program.o
LOAD ./Src/main.o
LOAD ./Src/syscalls.o
LOAD ./Src/sysmem.o
LOAD ./Startup/startup_stm32f103c8tx.o
START GROUP
LOAD C:/ST/STM32CubeIDE_1.13.2/STM32CubeIDE/plugins/com.st.stm32cube.ide.mcu.externaltools.gnu-tools-for-stm32.11.3.rel1.win32_1.1.1.202309131626/tools/bin/../lib/gcc/arm-none-eabi/11.3.1/../../../../arm-none-eabi/lib/thumb/v7-m/nofp\libc_nano.a
LOAD C:/ST/STM32CubeIDE_1.13.2/STM32CubeIDE/plugins/com.st.stm32cube.ide.mcu.externaltools.gnu-tools-for-stm32.11.3.rel1.win32_1.1.1.202309131626/tools/bin/../lib/gcc/arm-none-eabi/11.3.1/../../../../arm-none-eabi/lib/thumb/v7-m/nofp\libm.a
END GROUP
START GROUP
LOAD C:/ST/STM32CubeIDE_1.13.2/STM32CubeIDE/plugins/com.st.stm32cube.ide.mcu.externaltools.gnu-tools-for-stm32.11.3.rel1.win32_1.1.1.202309131626/tools/bin/../lib/gcc/arm-none-eabi/11.3.1/thumb/v7-m/nofp\libgcc.a
LOAD C:/ST/STM32CubeIDE_1.13.2/STM32CubeIDE/plugins/com.st.stm32cube.ide.mcu.externaltools.gnu-tools-for-stm32.11.3.rel1.win32_1.1.1.202309131626/tools/bin/../lib/gcc/arm-none-eabi/11.3.1/../../../../arm-none-eabi/lib/thumb/v7-m/nofp\libc_nano.a
END GROUP
START GROUP
LOAD C:/ST/STM32CubeIDE_1.13.2/STM32CubeIDE/plugins/com.st.stm32cube.ide.mcu.externaltools.gnu-tools-for-stm32.11.3.rel1.win32_1.1.1.202309131626/tools/bin/../lib/gcc/arm-none-eabi/11.3.1/thumb/v7-m/nofp\libgcc.a
LOAD C:/ST/STM32CubeIDE_1.13.2/STM32CubeIDE/plugins/com.st.stm32cube.ide.mcu.externaltools.gnu-tools-for-stm32.11.3.rel1.win32_1.1.1.202309131626/tools/bin/../lib/gcc/arm-none-eabi/11.3.1/../../../../arm-none-eabi/lib/thumb/v7-m/nofp\libc_nano.a
LOAD C:/ST/STM32CubeIDE_1.13.2/STM32CubeIDE/plugins/com.st.stm32cube.ide.mcu.externaltools.gnu-tools-for-stm32.11.3.rel1.win32_1.1.1.202309131626/tools/bin/../lib/gcc/arm-none-eabi/11.3.1/../../../../arm-none-eabi/lib/thumb/v7-m/nofp\libnosys.a
END GROUP
START GROUP
LOAD C:/ST/STM32CubeIDE_1.13.2/STM32CubeIDE/plugins/com.st.stm32cube.ide.mcu.externaltools.gnu-tools-for-stm32.11.3.rel1.win32_1.1.1.202309131626/tools/bin/../lib/gcc/arm-none-eabi/11.3.1/thumb/v7-m/nofp\libgcc.a
LOAD C:/ST/STM32CubeIDE_1.13.2/STM32CubeIDE/plugins/com.st.stm32cube.ide.mcu.externaltools.gnu-tools-for-stm32.11.3.rel1.win32_1.1.1.202309131626/tools/bin/../lib/gcc/arm-none-eabi/11.3.1/../../../../arm-none-eabi/lib/thumb/v7-m/nofp\libc_nano.a
LOAD C:/ST/STM32CubeIDE_1.13.2/STM32CubeIDE/plugins/com.st.stm32cube.ide.mcu.externaltools.gnu-tools-for-stm32.11.3.rel1.win32_1.1.1.202309131626/tools/bin/../lib/gcc/arm-none-eabi/11.3.1/../../../../arm-none-eabi/lib/thumb/v7-m/nofp\libnosys.a
END GROUP
LOAD C:/ST/STM32CubeIDE_1.13.2/STM32CubeIDE/plugins/com.st.stm32cube.ide.mcu.externaltools.gnu-tools-for-stm32.11.3.rel1.win32_1.1.1.202309131626/tools/bin/../lib/gcc/arm-none-eabi/11.3.1/thumb/v7-m/nofp/crtend.o
LOAD C:/ST/STM32CubeIDE_1.13.2/STM32CubeIDE/plugins/com.st.stm32cube.ide.mcu.externaltools.gnu-tools-for-stm32.11.3.rel1.win32_1.1.1.202309131626/tools/bin/../lib/gcc/arm-none-eabi/11.3.1/thumb/v7-m/nofp/crtn.o
                0x0000000020005000                _estack = (ORIGIN (RAM) + LENGTH (RAM))
                0x0000000000000200                _Min_Heap_Size = 0x200
                0x0000000000000400                _Min_Stack_Size = 0x400

.isr_vector     0x0000000008000000      0x130
                0x0000000008000000                . = ALIGN (0x4)
 *(.isr_vector)
 .isr_vector    0x0000000008000000      0x130 ./Startup/startup_stm32f103c8tx.o
                0x0000000008000000                g_pfnVectors
                0x0000000008000130                . = ALIGN (0x4)

.text           0x0000000008000130     0x158c
                0x0000000008000130                . = ALIGN (0x4)
 *(.text)
 .text          0x0000000008000130       0x40 C:/ST/STM32CubeIDE_1.13.2/STM32CubeIDE/plugins/com.st.stm32cube.ide.mcu.externaltools.gnu-tools-for-stm32.11.3.rel1.win32_1.1.1.202309131626/tools/bin/../lib/gcc/arm-none-eabi/11.3.1/thumb/v7-m/nofp/crtbegin.o
 .text          0x0000000008000170      0x21c C:/ST/STM32CubeIDE_1.13.2/STM32CubeIDE/plugins/com.st.stm32cube.ide.mcu.externaltools.gnu-tools-for-stm32.11.3.rel1.win32_1.1.1.202309131626/tools/bin/../lib/gcc/arm-none-eabi/11.3.1/thumb/v7-m/nofp\libgcc.a(_arm_addsubsf3.o)
                0x0000000008000170                __aeabi_frsub
                0x0000000008000178                __subsf3
                0x0000000008000178                __aeabi_fsub
                0x000000000800017c                __aeabi_fadd
                0x000000000800017c                __addsf3
                0x00000000080002dc                __aeabi_ui2f
                0x00000000080002dc                __floatunsisf
                0x00000000080002e4                __aeabi_i2f
                0x00000000080002e4                __floatsisf
                0x0000000008000300                __aeabi_ul2f
                0x0000000008000300                __floatundisf
                0x0000000008000310                __aeabi_l2f
                0x0000000008000310                __floatdisf
 .text          0x000000000800038c      0x2a0 C:/ST/STM32CubeIDE_1.13.2/STM32CubeIDE/plugins/com.st.stm32cube.ide.mcu.externaltools.gnu-tools-for-stm32.11.3.rel1.win32_1.1.1.202309131626/tools/bin/../lib/gcc/arm-none-eabi/11.3.1/thumb/v7-m/nofp\libgcc.a(_arm_muldivsf3.o)
                0x000000000800038c                __mulsf3
                0x000000000800038c                __aeabi_fmul
                0x00000000080004f4                __aeabi_fdiv
                0x00000000080004f4                __divsf3
 .text          0x000000000800062c       0x40 C:/ST/STM32CubeIDE_1.13.2/STM32CubeIDE/plugins/com.st.stm32cube.ide.mcu.externaltools.gnu-tools-for-stm32.11.3.rel1.win32_1.1.1.202309131626/tools/bin/../lib/gcc/arm-none-eabi/11.3.1/thumb/v7-m/nofp\libgcc.a(_arm_fixunssfsi.o)
                0x000000000800062c                __fixunssfsi
                0x000000000800062c                __aeabi_f2uiz
 *(.text*)
 .text.EXTI_voidConfigure
                0x000000000800066c      0x134 ./Src/EXTI_programm.o
                0x000000000800066c                EXTI_voidConfigure
 .text.EXTI0_IRQHandler
                0x00000000080007a0       0x30 ./Src/EXTI_programm.o
                0x00000000080007a0                EXTI0_IRQHandler
 .text.EXTI1_IRQHandler
                0x00000000080007d0       0x2c ./Src/EXTI_programm.o
                0x00000000080007d0                EXTI1_IRQHandler
 .text.EXTI2_IRQHandler
                0x00000000080007fc       0x2c ./Src/EXTI_programm.o
                0x00000000080007fc                EXTI2_IRQHandler
 .text.EXTI3_IRQHandler
                0x0000000008000828       0x2c ./Src/EXTI_programm.o
                0x0000000008000828                EXTI3_IRQHandler
 .text.GPIO_voidSetPinDirection
                0x0000000008000854      0x1b0 ./Src/GPIO_program.o
                0x0000000008000854                GPIO_voidSetPinDirection
 .text.GPIO_voidSetPinValue
                0x0000000008000a04       0xc4 ./Src/GPIO_program.o
                0x0000000008000a04                GPIO_voidSetPinValue
 .text.NVIC_Init
                0x0000000008000ac8       0x1c ./Src/NVIC_programm.o
                0x0000000008000ac8                NVIC_Init
 .text.NVIC_EnableInterrupt
                0x0000000008000ae4       0x30 ./Src/NVIC_programm.o
                0x0000000008000ae4                NVIC_EnableInterrupt
 .text.NVIC_SetPriority
                0x0000000008000b14       0x6c ./Src/NVIC_programm.o
                0x0000000008000b14                NVIC_SetPriority
 .text.RCC_voidInitSysClock
                0x0000000008000b80       0x34 ./Src/RCC_program.o
                0x0000000008000b80                RCC_voidInitSysClock
 .text.RCC_voidEnableClock
                0x0000000008000bb4       0x7c ./Src/RCC_program.o
                0x0000000008000bb4                RCC_voidEnableClock
 .text.SPI_Init
                0x0000000008000c30       0x6c ./Src/SPI_prog.o
                0x0000000008000c30                SPI_Init
 .text.SPI_Send
                0x0000000008000c9c       0x2c ./Src/SPI_prog.o
                0x0000000008000c9c                SPI_Send
 .text.STK_delay
                0x0000000008000cc8       0x78 ./Src/STk_program.o
                0x0000000008000cc8                STK_delay
 .text.SysTick_Handler
                0x0000000008000d40       0x3c ./Src/STk_program.o
                0x0000000008000d40                SysTick_Handler
 .text.initializeSnake
                0x0000000008000d7c       0x64 ./Src/Snake_Game.o
                0x0000000008000d7c                initializeSnake
 .text.initializeFood
                0x0000000008000de0       0x30 ./Src/Snake_Game.o
                0x0000000008000de0                initializeFood
 .text.moveFood
                0x0000000008000e10       0xa0 ./Src/Snake_Game.o
                0x0000000008000e10                moveFood
 .text.moveSnake
                0x0000000008000eb0      0x138 ./Src/Snake_Game.o
                0x0000000008000eb0                moveSnake
 .text.draw     0x0000000008000fe8      0x17c ./Src/Snake_Game.o
                0x0000000008000fe8                draw
 .text.PoisionInTFT
                0x0000000008001164       0x44 ./Src/Snake_Game.o
                0x0000000008001164                PoisionInTFT
 .text.MoveSnakeUp
                0x00000000080011a8       0x18 ./Src/Snake_Game.o
                0x00000000080011a8                MoveSnakeUp
 .text.MoveSnakeDown
                0x00000000080011c0       0x18 ./Src/Snake_Game.o
                0x00000000080011c0                MoveSnakeDown
 .text.MoveSnakeLeft
                0x00000000080011d8       0x18 ./Src/Snake_Game.o
                0x00000000080011d8                MoveSnakeLeft
 .text.MoveSnakeRight
                0x00000000080011f0       0x18 ./Src/Snake_Game.o
                0x00000000080011f0                MoveSnakeRight
 .text.ControlEXT
                0x0000000008001208       0x4c ./Src/Snake_Game.o
                0x0000000008001208                ControlEXT
 .text.TFT_voidInit
                0x0000000008001254       0xcc ./Src/TFT_program.o
                0x0000000008001254                TFT_voidInit
 .text.TFT_voidDrawRect
                0x0000000008001320       0xc0 ./Src/TFT_program.o
                0x0000000008001320                TFT_voidDrawRect
 .text.TFT_voidDrawLetter
                0x00000000080013e0       0xf8 ./Src/TFT_program.o
                0x00000000080013e0                TFT_voidDrawLetter
 .text.TFT_voidDrawString
                0x00000000080014d8       0x64 ./Src/TFT_program.o
                0x00000000080014d8                TFT_voidDrawString
 .text.voidWriteCommand
                0x000000000800153c       0x24 ./Src/TFT_program.o
 .text.voidWriteData
                0x0000000008001560       0x24 ./Src/TFT_program.o
 .text.main     0x0000000008001584       0x84 ./Src/main.o
                0x0000000008001584                main
 .text.Reset_Handler
                0x0000000008001608       0x50 ./Startup/startup_stm32f103c8tx.o
                0x0000000008001608                Reset_Handler
 .text.Default_Handler
                0x0000000008001658        0x2 ./Startup/startup_stm32f103c8tx.o
                0x0000000008001658                TIM8_TRG_COM_IRQHandler
                0x0000000008001658                TIM8_CC_IRQHandler
                0x0000000008001658                DebugMon_Handler
                0x0000000008001658                TIM1_CC_IRQHandler
                0x0000000008001658                HardFault_Handler
                0x0000000008001658                TIM6_IRQHandler
                0x0000000008001658                PVD_IRQHandler
                0x0000000008001658                SDIO_IRQHandler
                0x0000000008001658                PendSV_Handler
                0x0000000008001658                NMI_Handler
                0x0000000008001658                USB_HP_CAN_TX_IRQHandler
                0x0000000008001658                I2C2_EV_IRQHandler
                0x0000000008001658                UsageFault_Handler
                0x0000000008001658                ADC1_2_IRQHandler
                0x0000000008001658                SPI1_IRQHandler
                0x0000000008001658                CAN_SCE_IRQHandler
                0x0000000008001658                TAMPER_IRQHandler
                0x0000000008001658                TIM8_UP_IRQHandler
                0x0000000008001658                DMA2_Channel2_IRQHandler
                0x0000000008001658                DMA1_Channel4_IRQHandler
                0x0000000008001658                USART3_IRQHandler
                0x0000000008001658                RTC_IRQHandler
                0x0000000008001658                DMA1_Channel7_IRQHandler
                0x0000000008001658                UART5_IRQHandler
                0x0000000008001658                ADC3_IRQHandler
                0x0000000008001658                TIM4_IRQHandler
                0x0000000008001658                CAN_RX1_IRQHandler
                0x0000000008001658                DMA2_Channel1_IRQHandler
                0x0000000008001658                I2C1_EV_IRQHandler
                0x0000000008001658                DMA1_Channel6_IRQHandler
                0x0000000008001658                UART4_IRQHandler
                0x0000000008001658                TIM3_IRQHandler
                0x0000000008001658                RCC_IRQHandler
                0x0000000008001658                TIM1_TRG_COM_IRQHandler
                0x0000000008001658                DMA1_Channel1_IRQHandler
                0x0000000008001658                Default_Handler
                0x0000000008001658                EXTI15_10_IRQHandler
                0x0000000008001658                TIM7_IRQHandler
                0x0000000008001658                TIM5_IRQHandler
                0x0000000008001658                EXTI9_5_IRQHandler
                0x0000000008001658                SPI2_IRQHandler
                0x0000000008001658                USB_LP_CAN_RX0_IRQHandler
                0x0000000008001658                MemManage_Handler
                0x0000000008001658                SVC_Handler
                0x0000000008001658                DMA1_Channel5_IRQHandler
                0x0000000008001658                EXTI4_IRQHandler
                0x0000000008001658                DMA1_Channel3_IRQHandler
                0x0000000008001658                FSMC_IRQHandler
                0x0000000008001658                TIM1_UP_IRQHandler
                0x0000000008001658                WWDG_IRQHandler
                0x0000000008001658                TIM2_IRQHandler
                0x0000000008001658                TIM1_BRK_IRQHandler
                0x0000000008001658                RTCAlarm_IRQHandler
                0x0000000008001658                DMA2_Channel4_5_IRQHandler
                0x0000000008001658                USART2_IRQHandler
                0x0000000008001658                I2C2_ER_IRQHandler
                0x0000000008001658                DMA1_Channel2_IRQHandler
                0x0000000008001658                TIM8_BRK_IRQHandler
                0x0000000008001658                FLASH_IRQHandler
                0x0000000008001658                BusFault_Handler
                0x0000000008001658                USART1_IRQHandler
                0x0000000008001658                SPI3_IRQHandler
                0x0000000008001658                I2C1_ER_IRQHandler
                0x0000000008001658                DMA2_Channel3_IRQHandler
 *fill*         0x000000000800165a        0x2 
 .text.__libc_init_array
                0x000000000800165c       0x48 C:/ST/STM32CubeIDE_1.13.2/STM32CubeIDE/plugins/com.st.stm32cube.ide.mcu.externaltools.gnu-tools-for-stm32.11.3.rel1.win32_1.1.1.202309131626/tools/bin/../lib/gcc/arm-none-eabi/11.3.1/../../../../arm-none-eabi/lib/thumb/v7-m/nofp\libc_nano.a(libc_a-init.o)
                0x000000000800165c                __libc_init_array
 *(.glue_7)
 .glue_7        0x00000000080016a4        0x0 linker stubs
 *(.glue_7t)
 .glue_7t       0x00000000080016a4        0x0 linker stubs
 *(.eh_frame)
 .eh_frame      0x00000000080016a4        0x0 C:/ST/STM32CubeIDE_1.13.2/STM32CubeIDE/plugins/com.st.stm32cube.ide.mcu.externaltools.gnu-tools-for-stm32.11.3.rel1.win32_1.1.1.202309131626/tools/bin/../lib/gcc/arm-none-eabi/11.3.1/thumb/v7-m/nofp/crtbegin.o
 *(.init)
 .init          0x00000000080016a4        0x4 C:/ST/STM32CubeIDE_1.13.2/STM32CubeIDE/plugins/com.st.stm32cube.ide.mcu.externaltools.gnu-tools-for-stm32.11.3.rel1.win32_1.1.1.202309131626/tools/bin/../lib/gcc/arm-none-eabi/11.3.1/thumb/v7-m/nofp/crti.o
                0x00000000080016a4                _init
 .init          0x00000000080016a8        0x8 C:/ST/STM32CubeIDE_1.13.2/STM32CubeIDE/plugins/com.st.stm32cube.ide.mcu.externaltools.gnu-tools-for-stm32.11.3.rel1.win32_1.1.1.202309131626/tools/bin/../lib/gcc/arm-none-eabi/11.3.1/thumb/v7-m/nofp/crtn.o
 *(.fini)
 .fini          0x00000000080016b0        0x4 C:/ST/STM32CubeIDE_1.13.2/STM32CubeIDE/plugins/com.st.stm32cube.ide.mcu.externaltools.gnu-tools-for-stm32.11.3.rel1.win32_1.1.1.202309131626/tools/bin/../lib/gcc/arm-none-eabi/11.3.1/thumb/v7-m/nofp/crti.o
                0x00000000080016b0                _fini
 .fini          0x00000000080016b4        0x8 C:/ST/STM32CubeIDE_1.13.2/STM32CubeIDE/plugins/com.st.stm32cube.ide.mcu.externaltools.gnu-tools-for-stm32.11.3.rel1.win32_1.1.1.202309131626/tools/bin/../lib/gcc/arm-none-eabi/11.3.1/thumb/v7-m/nofp/crtn.o
                0x00000000080016bc                . = ALIGN (0x4)
                0x00000000080016bc                _etext = .

.vfp11_veneer   0x00000000080016bc        0x0
 .vfp11_veneer  0x00000000080016bc        0x0 linker stubs

.v4_bx          0x00000000080016bc        0x0
 .v4_bx         0x00000000080016bc        0x0 linker stubs

.iplt           0x00000000080016bc        0x0
 .iplt          0x00000000080016bc        0x0 C:/ST/STM32CubeIDE_1.13.2/STM32CubeIDE/plugins/com.st.stm32cube.ide.mcu.externaltools.gnu-tools-for-stm32.11.3.rel1.win32_1.1.1.202309131626/tools/bin/../lib/gcc/arm-none-eabi/11.3.1/thumb/v7-m/nofp/crtbegin.o

.rodata         0x00000000080016bc        0xc
                0x00000000080016bc                . = ALIGN (0x4)
 *(.rodata)
 .rodata        0x00000000080016bc        0xb ./Src/main.o
 *(.rodata*)
                0x00000000080016c8                . = ALIGN (0x4)
 *fill*         0x00000000080016c7        0x1 

.rel.dyn        0x00000000080016c8        0x0
 .rel.iplt      0x00000000080016c8        0x0 C:/ST/STM32CubeIDE_1.13.2/STM32CubeIDE/plugins/com.st.stm32cube.ide.mcu.externaltools.gnu-tools-for-stm32.11.3.rel1.win32_1.1.1.202309131626/tools/bin/../lib/gcc/arm-none-eabi/11.3.1/thumb/v7-m/nofp/crtbegin.o

.ARM.extab      0x00000000080016c8        0x0
                0x00000000080016c8                . = ALIGN (0x4)
 *(.ARM.extab* .gnu.linkonce.armextab.*)
                0x00000000080016c8                . = ALIGN (0x4)

.ARM            0x00000000080016c8        0x0
                0x00000000080016c8                . = ALIGN (0x4)
                0x00000000080016c8                __exidx_start = .
 *(.ARM.exidx*)
                0x00000000080016c8                __exidx_end = .
                0x00000000080016c8                . = ALIGN (0x4)

.preinit_array  0x00000000080016c8        0x0
                0x00000000080016c8                . = ALIGN (0x4)
                0x00000000080016c8                PROVIDE (__preinit_array_start = .)
 *(.preinit_array*)
                0x00000000080016c8                PROVIDE (__preinit_array_end = .)
                0x00000000080016c8                . = ALIGN (0x4)

.init_array     0x00000000080016c8        0x4
                0x00000000080016c8                . = ALIGN (0x4)
                0x00000000080016c8                PROVIDE (__init_array_start = .)
 *(SORT_BY_NAME(.init_array.*))
 *(.init_array*)
 .init_array    0x00000000080016c8        0x4 C:/ST/STM32CubeIDE_1.13.2/STM32CubeIDE/plugins/com.st.stm32cube.ide.mcu.externaltools.gnu-tools-for-stm32.11.3.rel1.win32_1.1.1.202309131626/tools/bin/../lib/gcc/arm-none-eabi/11.3.1/thumb/v7-m/nofp/crtbegin.o
                0x00000000080016cc                PROVIDE (__init_array_end = .)
                0x00000000080016cc                . = ALIGN (0x4)

.fini_array     0x00000000080016cc        0x4
                0x00000000080016cc                . = ALIGN (0x4)
                [!provide]                        PROVIDE (__fini_array_start = .)
 *(SORT_BY_NAME(.fini_array.*))
 *(.fini_array*)
 .fini_array    0x00000000080016cc        0x4 C:/ST/STM32CubeIDE_1.13.2/STM32CubeIDE/plugins/com.st.stm32cube.ide.mcu.externaltools.gnu-tools-for-stm32.11.3.rel1.win32_1.1.1.202309131626/tools/bin/../lib/gcc/arm-none-eabi/11.3.1/thumb/v7-m/nofp/crtbegin.o
                [!provide]                        PROVIDE (__fini_array_end = .)
                0x00000000080016d0                . = ALIGN (0x4)
                0x00000000080016d0                _sidata = LOADADDR (.data)

.data           0x0000000020000000      0x400 load address 0x00000000080016d0
                0x0000000020000000                . = ALIGN (0x4)
                0x0000000020000000                _sdata = .
 *(.data)
 *(.data*)
 .data.letters  0x0000000020000000      0x400 ./Src/TFT_program.o
                0x0000000020000000                letters
 *(.RamFunc)
 *(.RamFunc*)
                0x0000000020000400                . = ALIGN (0x4)
                0x0000000020000400                _edata = .

.igot.plt       0x0000000020000400        0x0 load address 0x0000000008001ad0
 .igot.plt      0x0000000020000400        0x0 C:/ST/STM32CubeIDE_1.13.2/STM32CubeIDE/plugins/com.st.stm32cube.ide.mcu.externaltools.gnu-tools-for-stm32.11.3.rel1.win32_1.1.1.202309131626/tools/bin/../lib/gcc/arm-none-eabi/11.3.1/thumb/v7-m/nofp/crtbegin.o
                0x0000000020000400                . = ALIGN (0x4)

.bss            0x0000000020000400      0x128 load address 0x0000000008001ad0
                0x0000000020000400                _sbss = .
                0x0000000020000400                __bss_start__ = _sbss
 *(.bss)
 .bss           0x0000000020000400       0x1c C:/ST/STM32CubeIDE_1.13.2/STM32CubeIDE/plugins/com.st.stm32cube.ide.mcu.externaltools.gnu-tools-for-stm32.11.3.rel1.win32_1.1.1.202309131626/tools/bin/../lib/gcc/arm-none-eabi/11.3.1/thumb/v7-m/nofp/crtbegin.o
 *(.bss*)
 .bss.EXTI_CallBacks
                0x000000002000041c       0x40 ./Src/EXTI_programm.o
 .bss.STK_CallBack
                0x000000002000045c        0x4 ./Src/STk_program.o
 .bss.STK_u8ModeOfInterval
                0x0000000020000460        0x1 ./Src/STk_program.o
                0x0000000020000460                STK_u8ModeOfInterval
 .bss.Score     0x0000000020000461        0x1 ./Src/Snake_Game.o
                0x0000000020000461                Score
 .bss.dir       0x0000000020000462        0x1 ./Src/Snake_Game.o
                0x0000000020000462                dir
 *fill*         0x0000000020000463        0x1 
 .bss.head      0x0000000020000464        0x8 ./Src/Snake_Game.o
                0x0000000020000464                head
 .bss.tail      0x000000002000046c       0x54 ./Src/Snake_Game.o
                0x000000002000046c                tail
 .bss.food      0x00000000200004c0        0xc ./Src/Snake_Game.o
                0x00000000200004c0                food
 .bss.GridFlags
                0x00000000200004cc       0x5a ./Src/Snake_Game.o
                0x00000000200004cc                GridFlags
 *(COMMON)
                0x0000000020000528                . = ALIGN (0x4)
 *fill*         0x0000000020000526        0x2 
                0x0000000020000528                _ebss = .
                0x0000000020000528                __bss_end__ = _ebss

._user_heap_stack
                0x0000000020000528      0x600 load address 0x0000000008001ad0
                0x0000000020000528                . = ALIGN (0x8)
                [!provide]                        PROVIDE (end = .)
                0x0000000020000528                PROVIDE (_end = .)
                0x0000000020000728                . = (. + _Min_Heap_Size)
 *fill*         0x0000000020000528      0x200 
                0x0000000020000b28                . = (. + _Min_Stack_Size)
 *fill*         0x0000000020000728      0x400 
                0x0000000020000b28                . = ALIGN (0x8)

/DISCARD/
 libc.a(*)
 libm.a(*)
 libgcc.a(*)

.ARM.attributes
                0x0000000000000000       0x29
 *(.ARM.attributes)
 .ARM.attributes
                0x0000000000000000       0x1d C:/ST/STM32CubeIDE_1.13.2/STM32CubeIDE/plugins/com.st.stm32cube.ide.mcu.externaltools.gnu-tools-for-stm32.11.3.rel1.win32_1.1.1.202309131626/tools/bin/../lib/gcc/arm-none-eabi/11.3.1/thumb/v7-m/nofp/crti.o
 .ARM.attributes
                0x000000000000001d       0x2d C:/ST/STM32CubeIDE_1.13.2/STM32CubeIDE/plugins/com.st.stm32cube.ide.mcu.externaltools.gnu-tools-for-stm32.11.3.rel1.win32_1.1.1.202309131626/tools/bin/../lib/gcc/arm-none-eabi/11.3.1/thumb/v7-m/nofp/crtbegin.o
 .ARM.attributes
                0x000000000000004a       0x2d ./Src/EXTI_programm.o
 .ARM.attributes
                0x0000000000000077       0x2d ./Src/GPIO_program.o
 .ARM.attributes
                0x00000000000000a4       0x2d ./Src/NVIC_programm.o
 .ARM.attributes
                0x00000000000000d1       0x2d ./Src/RCC_program.o
 .ARM.attributes
                0x00000000000000fe       0x2d ./Src/SPI_prog.o
 .ARM.attributes
                0x000000000000012b       0x2d ./Src/STk_program.o
 .ARM.attributes
                0x0000000000000158       0x2d ./Src/Snake_Game.o
 .ARM.attributes
                0x0000000000000185       0x2d ./Src/TFT_program.o
 .ARM.attributes
                0x00000000000001b2       0x2d ./Src/main.o
 .ARM.attributes
                0x00000000000001df       0x21 ./Startup/startup_stm32f103c8tx.o
 .ARM.attributes
                0x0000000000000200       0x2d C:/ST/STM32CubeIDE_1.13.2/STM32CubeIDE/plugins/com.st.stm32cube.ide.mcu.externaltools.gnu-tools-for-stm32.11.3.rel1.win32_1.1.1.202309131626/tools/bin/../lib/gcc/arm-none-eabi/11.3.1/../../../../arm-none-eabi/lib/thumb/v7-m/nofp\libc_nano.a(libc_a-init.o)
 .ARM.attributes
                0x000000000000022d       0x1d C:/ST/STM32CubeIDE_1.13.2/STM32CubeIDE/plugins/com.st.stm32cube.ide.mcu.externaltools.gnu-tools-for-stm32.11.3.rel1.win32_1.1.1.202309131626/tools/bin/../lib/gcc/arm-none-eabi/11.3.1/thumb/v7-m/nofp\libgcc.a(_arm_addsubsf3.o)
 .ARM.attributes
                0x000000000000024a       0x1d C:/ST/STM32CubeIDE_1.13.2/STM32CubeIDE/plugins/com.st.stm32cube.ide.mcu.externaltools.gnu-tools-for-stm32.11.3.rel1.win32_1.1.1.202309131626/tools/bin/../lib/gcc/arm-none-eabi/11.3.1/thumb/v7-m/nofp\libgcc.a(_arm_muldivsf3.o)
 .ARM.attributes
                0x0000000000000267       0x1d C:/ST/STM32CubeIDE_1.13.2/STM32CubeIDE/plugins/com.st.stm32cube.ide.mcu.externaltools.gnu-tools-for-stm32.11.3.rel1.win32_1.1.1.202309131626/tools/bin/../lib/gcc/arm-none-eabi/11.3.1/thumb/v7-m/nofp\libgcc.a(_arm_fixunssfsi.o)
 .ARM.attributes
                0x0000000000000284       0x1d C:/ST/STM32CubeIDE_1.13.2/STM32CubeIDE/plugins/com.st.stm32cube.ide.mcu.externaltools.gnu-tools-for-stm32.11.3.rel1.win32_1.1.1.202309131626/tools/bin/../lib/gcc/arm-none-eabi/11.3.1/thumb/v7-m/nofp/crtn.o
OUTPUT(TFT.elf elf32-littlearm)
LOAD linker stubs
LOAD C:/ST/STM32CubeIDE_1.13.2/STM32CubeIDE/plugins/com.st.stm32cube.ide.mcu.externaltools.gnu-tools-for-stm32.11.3.rel1.win32_1.1.1.202309131626/tools/bin/../lib/gcc/arm-none-eabi/11.3.1/../../../../arm-none-eabi/lib/thumb/v7-m/nofp\libc.a
LOAD C:/ST/STM32CubeIDE_1.13.2/STM32CubeIDE/plugins/com.st.stm32cube.ide.mcu.externaltools.gnu-tools-for-stm32.11.3.rel1.win32_1.1.1.202309131626/tools/bin/../lib/gcc/arm-none-eabi/11.3.1/../../../../arm-none-eabi/lib/thumb/v7-m/nofp\libm.a
LOAD C:/ST/STM32CubeIDE_1.13.2/STM32CubeIDE/plugins/com.st.stm32cube.ide.mcu.externaltools.gnu-tools-for-stm32.11.3.rel1.win32_1.1.1.202309131626/tools/bin/../lib/gcc/arm-none-eabi/11.3.1/thumb/v7-m/nofp\libgcc.a

.comment        0x0000000000000000       0x43
 .comment       0x0000000000000000       0x43 C:/ST/STM32CubeIDE_1.13.2/STM32CubeIDE/plugins/com.st.stm32cube.ide.mcu.externaltools.gnu-tools-for-stm32.11.3.rel1.win32_1.1.1.202309131626/tools/bin/../lib/gcc/arm-none-eabi/11.3.1/thumb/v7-m/nofp/crtbegin.o
                                         0x44 (size before relaxing)
 .comment       0x0000000000000043       0x44 ./Src/EXTI_programm.o
 .comment       0x0000000000000043       0x44 ./Src/GPIO_program.o
 .comment       0x0000000000000043       0x44 ./Src/NVIC_programm.o
 .comment       0x0000000000000043       0x44 ./Src/RCC_program.o
 .comment       0x0000000000000043       0x44 ./Src/SPI_prog.o
 .comment       0x0000000000000043       0x44 ./Src/STk_program.o
 .comment       0x0000000000000043       0x44 ./Src/Snake_Game.o
 .comment       0x0000000000000043       0x44 ./Src/TFT_program.o
 .comment       0x0000000000000043       0x44 ./Src/main.o

.debug_info     0x0000000000000000     0x19a1
 .debug_info    0x0000000000000000      0x210 ./Src/EXTI_programm.o
 .debug_info    0x0000000000000210      0x29c ./Src/GPIO_program.o
 .debug_info    0x00000000000004ac      0x28b ./Src/NVIC_programm.o
 .debug_info    0x0000000000000737      0x116 ./Src/RCC_program.o
 .debug_info    0x000000000000084d      0x148 ./Src/SPI_prog.o
 .debug_info    0x0000000000000995      0x2e2 ./Src/STk_program.o
 .debug_info    0x0000000000000c77      0x50b ./Src/Snake_Game.o
 .debug_info    0x0000000000001182      0x605 ./Src/TFT_program.o
 .debug_info    0x0000000000001787      0x1f7 ./Src/main.o
 .debug_info    0x000000000000197e       0x23 ./Startup/startup_stm32f103c8tx.o

.debug_abbrev   0x0000000000000000      0xaec
 .debug_abbrev  0x0000000000000000      0x126 ./Src/EXTI_programm.o
 .debug_abbrev  0x0000000000000126       0xea ./Src/GPIO_program.o
 .debug_abbrev  0x0000000000000210      0x111 ./Src/NVIC_programm.o
 .debug_abbrev  0x0000000000000321       0xa3 ./Src/RCC_program.o
 .debug_abbrev  0x00000000000003c4       0xf8 ./Src/SPI_prog.o
 .debug_abbrev  0x00000000000004bc      0x12d ./Src/STk_program.o
 .debug_abbrev  0x00000000000005e9      0x219 ./Src/Snake_Game.o
 .debug_abbrev  0x0000000000000802      0x1d9 ./Src/TFT_program.o
 .debug_abbrev  0x00000000000009db       0xff ./Src/main.o
 .debug_abbrev  0x0000000000000ada       0x12 ./Startup/startup_stm32f103c8tx.o

.debug_aranges  0x0000000000000000      0x2d0
 .debug_aranges
                0x0000000000000000       0x40 ./Src/EXTI_programm.o
 .debug_aranges
                0x0000000000000040       0x58 ./Src/GPIO_program.o
 .debug_aranges
                0x0000000000000098       0x50 ./Src/NVIC_programm.o
 .debug_aranges
                0x00000000000000e8       0x38 ./Src/RCC_program.o
 .debug_aranges
                0x0000000000000120       0x30 ./Src/SPI_prog.o
 .debug_aranges
                0x0000000000000150       0x58 ./Src/STk_program.o
 .debug_aranges
                0x00000000000001a8       0x70 ./Src/Snake_Game.o
 .debug_aranges
                0x0000000000000218       0x70 ./Src/TFT_program.o
 .debug_aranges
                0x0000000000000288       0x20 ./Src/main.o
 .debug_aranges
                0x00000000000002a8       0x28 ./Startup/startup_stm32f103c8tx.o

.debug_rnglists
                0x0000000000000000      0x1ff
 .debug_rnglists
                0x0000000000000000       0x2c ./Src/EXTI_programm.o
 .debug_rnglists
                0x000000000000002c       0x42 ./Src/GPIO_program.o
 .debug_rnglists
                0x000000000000006e       0x37 ./Src/NVIC_programm.o
 .debug_rnglists
                0x00000000000000a5       0x26 ./Src/RCC_program.o
 .debug_rnglists
                0x00000000000000cb       0x1f ./Src/SPI_prog.o
 .debug_rnglists
                0x00000000000000ea       0x3f ./Src/STk_program.o
 .debug_rnglists
                0x0000000000000129       0x52 ./Src/Snake_Game.o
 .debug_rnglists
                0x000000000000017b       0x57 ./Src/TFT_program.o
 .debug_rnglists
                0x00000000000001d2       0x14 ./Src/main.o
 .debug_rnglists
                0x00000000000001e6       0x19 ./Startup/startup_stm32f103c8tx.o

.debug_macro    0x0000000000000000     0x179d
 .debug_macro   0x0000000000000000       0x66 ./Src/EXTI_programm.o
 .debug_macro   0x0000000000000066      0xaa2 ./Src/EXTI_programm.o
 .debug_macro   0x0000000000000b08       0x10 ./Src/EXTI_programm.o
 .debug_macro   0x0000000000000b18       0x22 ./Src/EXTI_programm.o
 .debug_macro   0x0000000000000b3a       0x22 ./Src/EXTI_programm.o
 .debug_macro   0x0000000000000b5c       0x1c ./Src/EXTI_programm.o
 .debug_macro   0x0000000000000b78       0x10 ./Src/EXTI_programm.o
 .debug_macro   0x0000000000000b88      0x18a ./Src/EXTI_programm.o
 .debug_macro   0x0000000000000d12       0x88 ./Src/EXTI_programm.o
 .debug_macro   0x0000000000000d9a       0x45 ./Src/GPIO_program.o
 .debug_macro   0x0000000000000ddf       0x9a ./Src/GPIO_program.o
 .debug_macro   0x0000000000000e79       0xe8 ./Src/GPIO_program.o
 .debug_macro   0x0000000000000f61       0x44 ./Src/NVIC_programm.o
 .debug_macro   0x0000000000000fa5       0x44 ./Src/RCC_program.o
 .debug_macro   0x0000000000000fe9       0xf4 ./Src/RCC_program.o
 .debug_macro   0x00000000000010dd       0x10 ./Src/RCC_program.o
 .debug_macro   0x00000000000010ed       0x9a ./Src/RCC_program.o
 .debug_macro   0x0000000000001187       0x61 ./Src/SPI_prog.o
 .debug_macro   0x00000000000011e8       0x64 ./Src/SPI_prog.o
 .debug_macro   0x000000000000124c       0x58 ./Src/SPI_prog.o
 .debug_macro   0x00000000000012a4       0x6b ./Src/STk_program.o
 .debug_macro   0x000000000000130f       0x10 ./Src/STk_program.o
 .debug_macro   0x000000000000131f       0x46 ./Src/STk_program.o
 .debug_macro   0x0000000000001365       0x10 ./Src/STk_program.o
 .debug_macro   0x0000000000001375      0x12c ./Src/Snake_Game.o
 .debug_macro   0x00000000000014a1       0x1c ./Src/Snake_Game.o
 .debug_macro   0x00000000000014bd       0x6a ./Src/Snake_Game.o
 .debug_macro   0x0000000000001527       0x40 ./Src/Snake_Game.o
 .debug_macro   0x0000000000001567       0x1c ./Src/Snake_Game.o
 .debug_macro   0x0000000000001583       0xc5 ./Src/TFT_program.o
 .debug_macro   0x0000000000001648      0x133 ./Src/main.o
 .debug_macro   0x000000000000177b       0x22 ./Src/main.o

.debug_line     0x0000000000000000     0x1974
 .debug_line    0x0000000000000000      0x19b ./Src/EXTI_programm.o
 .debug_line    0x000000000000019b      0x3d4 ./Src/GPIO_program.o
 .debug_line    0x000000000000056f      0x1a6 ./Src/NVIC_programm.o
 .debug_line    0x0000000000000715      0x159 ./Src/RCC_program.o
 .debug_line    0x000000000000086e      0x148 ./Src/SPI_prog.o
 .debug_line    0x00000000000009b6      0x243 ./Src/STk_program.o
 .debug_line    0x0000000000000bf9      0x517 ./Src/Snake_Game.o
 .debug_line    0x0000000000001110      0x4f7 ./Src/TFT_program.o
 .debug_line    0x0000000000001607      0x2f2 ./Src/main.o
 .debug_line    0x00000000000018f9       0x7b ./Startup/startup_stm32f103c8tx.o

.debug_str      0x0000000000000000     0x4f4e
 .debug_str     0x0000000000000000     0x3606 ./Src/EXTI_programm.o
                                       0x3665 (size before relaxing)
 .debug_str     0x0000000000003606      0x7f0 ./Src/GPIO_program.o
                                       0x3678 (size before relaxing)
 .debug_str     0x0000000000003df6      0x108 ./Src/NVIC_programm.o
                                       0x348a (size before relaxing)
 .debug_str     0x0000000000003efe      0x51a ./Src/RCC_program.o
                                       0x338d (size before relaxing)
 .debug_str     0x0000000000004418      0x278 ./Src/SPI_prog.o
                                       0x37d9 (size before relaxing)
 .debug_str     0x0000000000004690      0x262 ./Src/STk_program.o
                                       0x356f (size before relaxing)
 .debug_str     0x00000000000048f2      0x490 ./Src/Snake_Game.o
                                       0x48ec (size before relaxing)
 .debug_str     0x0000000000004d82      0x119 ./Src/TFT_program.o
                                       0x40ac (size before relaxing)
 .debug_str     0x0000000000004e9b       0x84 ./Src/main.o
                                       0x4818 (size before relaxing)
 .debug_str     0x0000000000004f1f       0x2f ./Startup/startup_stm32f103c8tx.o
                                         0x45 (size before relaxing)

.debug_frame    0x0000000000000000      0x994
 .debug_frame   0x0000000000000000       0xb0 ./Src/EXTI_programm.o
 .debug_frame   0x00000000000000b0      0x148 ./Src/GPIO_program.o
 .debug_frame   0x00000000000001f8      0x120 ./Src/NVIC_programm.o
 .debug_frame   0x0000000000000318       0xa8 ./Src/RCC_program.o
 .debug_frame   0x00000000000003c0       0x74 ./Src/SPI_prog.o
 .debug_frame   0x0000000000000434      0x128 ./Src/STk_program.o
 .debug_frame   0x000000000000055c      0x194 ./Src/Snake_Game.o
 .debug_frame   0x00000000000006f0      0x1a0 ./Src/TFT_program.o
 .debug_frame   0x0000000000000890       0x30 ./Src/main.o
 .debug_frame   0x00000000000008c0       0x2c C:/ST/STM32CubeIDE_1.13.2/STM32CubeIDE/plugins/com.st.stm32cube.ide.mcu.externaltools.gnu-tools-for-stm32.11.3.rel1.win32_1.1.1.202309131626/tools/bin/../lib/gcc/arm-none-eabi/11.3.1/../../../../arm-none-eabi/lib/thumb/v7-m/nofp\libc_nano.a(libc_a-init.o)
 .debug_frame   0x00000000000008ec       0x4c C:/ST/STM32CubeIDE_1.13.2/STM32CubeIDE/plugins/com.st.stm32cube.ide.mcu.externaltools.gnu-tools-for-stm32.11.3.rel1.win32_1.1.1.202309131626/tools/bin/../lib/gcc/arm-none-eabi/11.3.1/thumb/v7-m/nofp\libgcc.a(_arm_addsubsf3.o)
 .debug_frame   0x0000000000000938       0x38 C:/ST/STM32CubeIDE_1.13.2/STM32CubeIDE/plugins/com.st.stm32cube.ide.mcu.externaltools.gnu-tools-for-stm32.11.3.rel1.win32_1.1.1.202309131626/tools/bin/../lib/gcc/arm-none-eabi/11.3.1/thumb/v7-m/nofp\libgcc.a(_arm_muldivsf3.o)
 .debug_frame   0x0000000000000970       0x24 C:/ST/STM32CubeIDE_1.13.2/STM32CubeIDE/plugins/com.st.stm32cube.ide.mcu.externaltools.gnu-tools-for-stm32.11.3.rel1.win32_1.1.1.202309131626/tools/bin/../lib/gcc/arm-none-eabi/11.3.1/thumb/v7-m/nofp\libgcc.a(_arm_fixunssfsi.o)

.debug_line_str
                0x0000000000000000       0x39
 .debug_line_str
                0x0000000000000000       0x39 ./Startup/startup_stm32f103c8tx.o
                                         0x51 (size before relaxing)
